
> smart-water-monitoring-system@0.0.0 build
> vite build

[36mvite v8.0.9 [32mbuilding client environment for production...[36m[39m
[2K
transforming...Γ£ô 1759 modules transformed.
node.exe : [31mΓ£ù[39m 
Build failed in 484ms
At line:1 char:1
+ & "C:\Program 
Files\nodejs/node.exe" 
"C:\Program 
Files\nodejs/node_mo ...
+ ~~~~~~~~~~~~~~~~~~~~~~~~
~~~~~~~~~~~~~~~~~~~~~~~~~~
~~~~~~~~~~~~~~~~~~~
    + CategoryInfo        
      : NotSpecified: (  
  [31mΓ£ù[39m Build fa   
 iled in 484ms:String)    
 [], RemoteException
    + FullyQualifiedError 
   Id : NativeCommandErr  
  or
 
[31merror during build:
[31mBuild failed with 27 
errors:

[31m[UNRESOLVED_IMPORT] 
Error:[0m Could not 
resolve '../../context/Dat
aContext' in 
src/pages/ControlPanel.jsx
   [38;5;246mΓò¡[0m[38;
5;246mΓöÇ[0m[38;5;246m[
[0m src/pages/ControlPanel
.jsx:3:25 [38;5;246m][0m
   [38;5;246mΓöé[0m
 [38;5;246m3 Γöé[0m [38
;5;249mi[0m[38;5;249mm[
0m[38;5;249mp[0m[38;5;2
49mo[0m[38;5;249mr[0m[
38;5;249mt[0m[38;5;249m 
[0m[38;5;249m{[0m[38;5
;249m [0m[38;5;249mu[0m
[38;5;249ms[0m[38;5;249
me[0m[38;5;249mD[0m[38
;5;249ma[0m[38;5;249mt[
0m[38;5;249ma[0m[38;5;2
49m [0m[38;5;249m}[0m[
38;5;249m [0m[38;5;249mf
[0m[38;5;249mr[0m[38;5
;249mo[0m[38;5;249mm[0m
[38;5;249m [0m"../../con
text/DataContext"[38;5;24
9m;[0m
 [38;5;240m  Γöé[0m     
                    ΓöÇΓöÇ
ΓöÇΓöÇΓöÇΓöÇΓöÇΓöÇΓöÇΓöÇΓö
ÇΓöÇΓöÇΓö¼ΓöÇΓöÇΓöÇΓöÇΓöÇΓ
öÇΓöÇΓöÇΓöÇΓöÇΓöÇΓöÇΓöÇ  
 [38;5;240m  Γöé[0m     
                          
       Γò░ΓöÇΓöÇΓöÇΓöÇΓöÇΓ
öÇΓöÇΓöÇΓöÇΓöÇΓöÇΓöÇΓöÇΓöÇ
ΓöÇ Module not found.
 [38;5;240m  Γöé[0m 
 [38;5;240m  Γöé[0m 
[38;5;115mHelp[0m: 'src/
pages/ControlPanel.jsx' 
is imported by the 
following path:
 [38;5;240m  Γöé[0m     
    - 
src/pages/ControlPanel.jsx
 [38;5;240m  Γöé[0m     
    - src/App.jsx
 [38;5;240m  Γöé[0m     
    - src/main.jsx
 [38;5;240m  Γöé[0m     
    - index.html
[38;5;246mΓöÇΓöÇΓöÇΓò»[0
m

[31m[UNRESOLVED_IMPORT] 
Error:[0m Could not 
resolve '../common/Card' 
in 
src/pages/ControlPanel.jsx
   [38;5;246mΓò¡[0m[38;
5;246mΓöÇ[0m[38;5;246m[
[0m src/pages/ControlPanel
.jsx:4:34 [38;5;246m][0m
   [38;5;246mΓöé[0m
 [38;5;246m4 Γöé[0m [38
;5;249mi[0m[38;5;249mm[
0m[38;5;249mp[0m[38;5;2
49mo[0m[38;5;249mr[0m[
38;5;249mt[0m[38;5;249m 
[0m[38;5;249m{[0m[38;5
;249m [0m[38;5;249mC[0m
[38;5;249ma[0m[38;5;249
mr[0m[38;5;249md[0m[38
;5;249m,[0m[38;5;249m [
0m[38;5;249mC[0m[38;5;2
49ma[0m[38;5;249mr[0m[
38;5;249md[0m[38;5;249mH
[0m[38;5;249me[0m[38;5
;249ma[0m[38;5;249md[0m
[38;5;249me[0m[38;5;249
mr[0m[38;5;249m [0m[38
;5;249m}[0m[38;5;249m [
0m[38;5;249mf[0m[38;5;2
49mr[0m[38;5;249mo[0m[
38;5;249mm[0m[38;5;249m 
[0m"../common/Card"[38;5
;249m;[0m
 [38;5;240m  Γöé[0m     
                          
   ΓöÇΓöÇΓöÇΓöÇΓöÇΓöÇΓöÇΓö
ÇΓö¼ΓöÇΓöÇΓöÇΓöÇΓöÇΓöÇΓöÇ 
 
 [38;5;240m  Γöé[0m     
                          
           Γò░ΓöÇΓöÇΓöÇΓöÇ
ΓöÇΓöÇΓöÇΓöÇΓöÇ Module 
not found.
 [38;5;240m  Γöé[0m 
 [38;5;240m  Γöé[0m 
[38;5;115mHelp[0m: 'src/
pages/ControlPanel.jsx' 
is imported by the 
following path:
 [38;5;240m  Γöé[0m     
    - 
src/pages/ControlPanel.jsx
 [38;5;240m  Γöé[0m     
    - src/App.jsx
 [38;5;240m  Γöé[0m     
    - src/main.jsx
 [38;5;240m  Γöé[0m     
    - index.html
[38;5;246mΓöÇΓöÇΓöÇΓò»[0
m

[31m[UNRESOLVED_IMPORT] 
Error:[0m Could not 
resolve 
'../common/Controls' in 
src/pages/ControlPanel.jsx
   [38;5;246mΓò¡[0m[38;
5;246mΓöÇ[0m[38;5;246m[
[0m src/pages/ControlPanel
.jsx:5:39 [38;5;246m][0m
   [38;5;246mΓöé[0m
 [38;5;246m5 Γöé[0m [38
;5;249mi[0m[38;5;249mm[
0m[38;5;249mp[0m[38;5;2
49mo[0m[38;5;249mr[0m[
38;5;249mt[0m[38;5;249m 
[0m[38;5;249m{[0m[38;5
;249m [0m[38;5;249mT[0m
[38;5;249mo[0m[38;5;249
mg[0m[38;5;249mg[0m[38
;5;249ml[0m[38;5;249me[
0m[38;5;249m,[0m[38;5;2
49m [0m[38;5;249mS[0m[
38;5;249ml[0m[38;5;249mi
[0m[38;5;249md[0m[38;5
;249me[0m[38;5;249mr[0m
[38;5;249m,[0m[38;5;249
m [0m[38;5;249mB[0m[38
;5;249ma[0m[38;5;249md[
0m[38;5;249mg[0m[38;5;2
49me[0m[38;5;249m [0m[
38;5;249m}[0m[38;5;249m 
[0m[38;5;249mf[0m[38;5
;249mr[0m[38;5;249mo[0m
[38;5;249mm[0m[38;5;249
m [0m"../common/Controls"
[38;5;249m;[0m
 [38;5;240m  Γöé[0m     
                          
        ΓöÇΓöÇΓöÇΓöÇΓöÇΓöÇ
ΓöÇΓöÇΓöÇΓöÇΓö¼ΓöÇΓöÇΓöÇΓö
ÇΓöÇΓöÇΓöÇΓöÇΓöÇ  
 [38;5;240m  Γöé[0m     
                          
                  Γò░ΓöÇΓö
ÇΓöÇΓöÇΓöÇΓöÇΓöÇΓöÇΓöÇΓöÇΓ
öÇ Module not found.
 [38;5;240m  Γöé[0m 
 [38;5;240m  Γöé[0m 
[38;5;115mHelp[0m: 'src/
pages/ControlPanel.jsx' 
is imported by the 
following path:
 [38;5;240m  Γöé[0m     
    - 
src/pages/ControlPanel.jsx
 [38;5;240m  Γöé[0m     
    - src/App.jsx
 [38;5;240m  Γöé[0m     
    - src/main.jsx
 [38;5;240m  Γöé[0m     
    - index.html
[38;5;246mΓöÇΓöÇΓöÇΓò»[0
m

[31m[UNRESOLVED_IMPORT] 
Error:[0m Could not 
resolve 
'../common/Gauges' in 
src/pages/ControlPanel.jsx
   [38;5;246mΓò¡[0m[38;
5;246mΓöÇ[0m[38;5;246m[
[0m src/pages/ControlPanel
.jsx:6:56 [38;5;246m][0m
   [38;5;246mΓöé[0m
 [38;5;246m6 Γöé[0m [38
;5;249mi[0m[38;5;249mm[
0m[38;5;249mp[0m[38;5;2
49mo[0m[38;5;249mr[0m[
38;5;249mt[0m[38;5;249m 
[0m[38;5;249m{[0m[38;5
;249m [0m[38;5;249mS[0m
[38;5;249mt[0m[38;5;249
ma[0m[38;5;249mt[0m[38
;5;249mu[0m[38;5;249ms[
0m[38;5;249mP[0m[38;5;2
49mi[0m[38;5;249ml[0m[
38;5;249ml[0m[38;5;249m,
[0m[38;5;249m [0m[38;5
;249mC[0m[38;5;249mi[0m
[38;5;249mr[0m[38;5;249
mc[0m[38;5;249mu[0m[38
;5;249ml[0m[38;5;249ma[
0m[38;5;249mr[0m[38;5;2
49mG[0m[38;5;249ma[0m[
38;5;249mu[0m[38;5;249mg
[0m[38;5;249me[0m[38;5
;249m,[0m[38;5;249m [0m
[38;5;249mP[0m[38;5;249
mr[0m[38;5;249mo[0m[38
;5;249mg[0m[38;5;249mr[
0m[38;5;249me[0m[38;5;2
49ms[0m[38;5;249ms[0m[
38;5;249mB[0m[38;5;249ma
[0m[38;5;249mr[0m[38;5
;249m [0m[38;5;249m}[0m
[38;5;249m [0m[38;5;249
mf[0m[38;5;249mr[0m[38
;5;249mo[0m[38;5;249mm[
0m[38;5;249m [0m"../comm
on/Gauges"[38;5;249m;[0m
 [38;5;240m  Γöé[0m     
                          
                         Γ
öÇΓöÇΓöÇΓöÇΓöÇΓöÇΓöÇΓöÇΓöÇ
Γö¼ΓöÇΓöÇΓöÇΓöÇΓöÇΓöÇΓöÇΓö
Ç  
 [38;5;240m  Γöé[0m     
                          
                          
        Γò░ΓöÇΓöÇΓöÇΓöÇΓöÇ
ΓöÇΓöÇΓöÇΓöÇΓöÇ Module 
not found.
 [38;5;240m  Γöé[0m 
 [38;5;240m  Γöé[0m 
[38;5;115mHelp[0m: 'src/
pages/ControlPanel.jsx' 
is imported by the 
following path:
 [38;5;240m  Γöé[0m     
    - 
src/pages/ControlPanel.jsx
 [38;5;240m  Γöé[0m     
    - src/App.jsx
 [38;5;240m  Γöé[0m     
    - src/main.jsx
 [38;5;240m  Γöé[0m     
    - index.html
[38;5;246mΓöÇΓöÇΓöÇΓò»[0
m

[31m[UNRESOLVED_IMPORT] 
Error:[0m Could not 
resolve '../../context/Dat
aContext' in src/pages/Wat
erMonitoring.jsx
   [38;5;246mΓò¡[0m[38;
5;246mΓöÇ[0m[38;5;246m[
[0m src/pages/WaterMonitor
ing.jsx:4:25 
[38;5;246m][0m
   [38;5;246mΓöé[0m
 [38;5;246m4 Γöé[0m [38
;5;249mi[0m[38;5;249mm[
0m[38;5;249mp[0m[38;5;2
49mo[0m[38;5;249mr[0m[
38;5;249mt[0m[38;5;249m 
[0m[38;5;249m{[0m[38;5
;249m [0m[38;5;249mu[0m
[38;5;249ms[0m[38;5;249
me[0m[38;5;249mD[0m[38
;5;249ma[0m[38;5;249mt[
0m[38;5;249ma[0m[38;5;2
49m [0m[38;5;249m}[0m[
38;5;249m [0m[38;5;249mf
[0m[38;5;249mr[0m[38;5
;249mo[0m[38;5;249mm[0m
[38;5;249m [0m"../../con
text/DataContext"[38;5;24
9m;[0m
 [38;5;240m  Γöé[0m     
                    ΓöÇΓöÇ
ΓöÇΓöÇΓöÇΓöÇΓöÇΓöÇΓöÇΓöÇΓö
ÇΓöÇΓöÇΓö¼ΓöÇΓöÇΓöÇΓöÇΓöÇΓ
öÇΓöÇΓöÇΓöÇΓöÇΓöÇΓöÇΓöÇ  
 [38;5;240m  Γöé[0m     
                          
       Γò░ΓöÇΓöÇΓöÇΓöÇΓöÇΓ
öÇΓöÇΓöÇΓöÇΓöÇΓöÇΓöÇΓöÇΓöÇ
ΓöÇ Module not found.
 [38;5;240m  Γöé[0m 
 [38;5;240m  Γöé[0m 
[38;5;115mHelp[0m: 'src/
pages/WaterMonitoring.jsx'
 is imported by the 
following path:
 [38;5;240m  Γöé[0m     
    - src/pages/WaterMonit
oring.jsx
 [38;5;240m  Γöé[0m     
    - src/App.jsx
 [38;5;240m  Γöé[0m     
    - src/main.jsx
 [38;5;240m  Γöé[0m     
    - index.html
[38;5;246mΓöÇΓöÇΓöÇΓò»[0
m

...[31m
    at aggregateBindingErr
orsIntoJsError (file:///C:
/Users/soham/Downloads/sma
rt_water%20monitoring%20sy
stem/node_modules/rolldown
/dist/shared/error-DAA7ncC
5.mjs:48:18)
    at 
unwrapBindingResult (file:
///C:/Users/soham/Download
s/smart_water%20monitoring
%20system/node_modules/rol
ldown/dist/shared/error-DA
A7ncC5.mjs:18:128)
    at #build (file:///C:/
Users/soham/Downloads/smar
t_water%20monitoring%20sys
tem/node_modules/rolldown/
dist/shared/rolldown-build
-BPKCFYpX.mjs:3317:34)
    at async 
buildEnvironment (file:///
C:/Users/soham/Downloads/s
mart_water%20monitoring%20
system/node_modules/vite/d
ist/node/chunks/node.js:32
999:64)
    at async Object.build 
(file:///C:/Users/soham/Do
wnloads/smart_water%20moni
toring%20system/node_modul
es/vite/dist/node/chunks/n
ode.js:33421:19)
    at async 
Object.buildApp (file:///C
:/Users/soham/Downloads/sm
art_water%20monitoring%20s
ystem/node_modules/vite/di
st/node/chunks/node.js:334
18:153)
    at async 
CAC.<anonymous> (file:///C
:/Users/soham/Downloads/sm
art_water%20monitoring%20s
ystem/node_modules/vite/di
st/node/cli.js:778:3) {
  errors: [Getter/Setter]
}[39m
